// Jest Snapshot v1, https://goo.gl/fbAQLP

exports[`CardDetails should match the snapshot with the data passed through 1`] = `
<section
  className="card-details"
>
  <Link
    className="back-btn"
    to="/"
  >
    <button
      className="back-btn"
    >
      Return to Games
    </button>
  </Link>
  <form
    className="edit-card"
  >
    <input
      className="edit-input"
      name="house_rules"
      onChange={[Function]}
      placeholder="Add house rules"
      type="text"
      value=""
    />
    <Link
      to="/card/41"
    >
      <button
        className="edit-btn"
        onClick={[Function]}
      >
        Add Changes
      </button>
    </Link>
  </form>
  <p
    className="card-descrip"
  >
    Categories:
  </p>
  <ul>
    <li
      className="card-info"
      key="Fantasy"
    >
      Fantasy
    </li>
  </ul>
</section>
`;
