// Jest Snapshot v1, https://goo.gl/fbAQLP

exports[`App should match the snapshot with the data passed through 1`] = `
<main
  className="app"
>
  <Nav />
  <Route
    exact={true}
    path="/searchform"
    render={[Function]}
  />
  <Route
    exact={true}
    path="/"
    render={[Function]}
  />
  <Route
    exact={true}
    path="/favorites"
    render={[Function]}
  />
  <Route
    exact={true}
    path="/owned"
    render={[Function]}
  />
  <Route
    path="/card/:id"
    render={[Function]}
  />
</main>
`;
