// Jest Snapshot v1, https://goo.gl/fbAQLP

exports[`SearchForm should match the snapshot with all of the data passed through it 1`] = `
<form
  className="search-form"
>
  <input
    className="search search-input"
    name="name"
    onChange={[Function]}
    placeholder="Search by name"
    type="text"
    value=""
  />
  <button
    className="search search-btn"
    onClick={[Function]}
  >
    Submit Search
  </button>
  <button
    className="search search-btn"
    onClick={[Function]}
  >
    Show Popular Games
  </button>
  <button
    className="search search-btn"
    onClick={[Function]}
  >
    Show Random Game
  </button>
</form>
`;
