// Jest Snapshot v1, https://goo.gl/fbAQLP

exports[`Card should match the snapshot with the data passed through 1`] = `
<article
  className="card"
>
  <div
    className="card-btns"
  >
    <button
      className="btn-fav"
      onClick={[Function]}
    >
      Fav
    </button>
    <button
      className="btn-own"
      onClick={[Function]}
    >
      Own
    </button>
  </div>
  <img
    alt="Catan"
    className="card-img"
  />
  <div
    className="bottom-card"
  >
    <h2
      className="card-name"
    >
      Catan
    </h2>
    <Link
      to="/card/42"
    >
      <button
        className="details-btn"
      >
        Details
      </button>
    </Link>
  </div>
</article>
`;
