// Jest Snapshot v1, https://goo.gl/fbAQLP

exports[`Card should match the snapshot with the data passed through 1`] = `
<article
  className="card"
>
  <div
    className="card-top"
  >
    <div
      className="card-btns"
    >
      <button
        className="btn-fav"
        onClick={[Function]}
      />
      <button
        className="btn-own"
        onClick={[Function]}
      />
    </div>
    <img
      alt="Catan"
      className="card-img"
    />
    <h2
      className="card-name"
    >
      Catan
    </h2>
  </div>
  <div
    className="bottom-card"
  >
    <Link
      to="/card/42"
    >
      <button
        className="details-btn"
      >
        <GiCrossedSwords />
         DETAILS
      </button>
    </Link>
  </div>
</article>
`;
